[NbConvertApp] Converting notebook 15_baseline_bge_gemma2.ipynb to script
[NbConvertApp] Writing 15662 bytes to 15_baseline_bge_gemma2.py
[transformers] `torch_dtype` is deprecated! Use `dtype` instead!
Traceback (most recent call last):
  File "/pfs/data6/home/ma/ma_ma/ma_mpandya/Thesis/15_baseline_bge_gemma2.py", line 150, in <module>
    model     = AutoModel.from_pretrained(REPO, torch_dtype=torch.float16, device_map=DEVICE, local_files_only=True)
                ^^^^^^^^^^^^^^^^^^^^^^^^^^^^^^^^^^^^^^^^^^^^^^^^^^^^^^^^^^^^^^^^^^^^^^^^^^^^^^^^^^^^^^^^^^^^^^^^^^^^
  File "/pfs/data6/home/ma/ma_ma/ma_mpandya/Thesis/thesis/lib64/python3.12/site-packages/transformers/models/auto/auto_factory.py", line 405, in from_pretrained
    return model_class.from_pretrained(
           ^^^^^^^^^^^^^^^^^^^^^^^^^^^^
  File "/pfs/data6/home/ma/ma_ma/ma_mpandya/Thesis/thesis/lib64/python3.12/site-packages/transformers/modeling_utils.py", line 4140, in from_pretrained
    device_map = check_and_set_device_map(device_map)  # warn, error and fix the device map
                 ^^^^^^^^^^^^^^^^^^^^^^^^^^^^^^^^^^^^
  File "/pfs/data6/home/ma/ma_ma/ma_mpandya/Thesis/thesis/lib64/python3.12/site-packages/transformers/integrations/accelerate.py", line 134, in check_and_set_device_map
    raise ValueError(
ValueError: Using a `device_map`, `tp_plan`, `torch.device` context manager or setting `torch.set_default_device(device)` requires `accelerate`. You can install it with `pip install accelerate`

During handling of the above exception, another exception occurred:

Traceback (most recent call last):
  File "/pfs/data6/home/ma/ma_ma/ma_mpandya/Thesis/15_baseline_bge_gemma2.py", line 155, in <module>
    model     = AutoModel.from_pretrained(REPO, torch_dtype=torch.float16, device_map=DEVICE)
                ^^^^^^^^^^^^^^^^^^^^^^^^^^^^^^^^^^^^^^^^^^^^^^^^^^^^^^^^^^^^^^^^^^^^^^^^^^^^^
  File "/pfs/data6/home/ma/ma_ma/ma_mpandya/Thesis/thesis/lib64/python3.12/site-packages/transformers/models/auto/auto_factory.py", line 405, in from_pretrained
    return model_class.from_pretrained(
           ^^^^^^^^^^^^^^^^^^^^^^^^^^^^
  File "/pfs/data6/home/ma/ma_ma/ma_mpandya/Thesis/thesis/lib64/python3.12/site-packages/transformers/modeling_utils.py", line 4140, in from_pretrained
    device_map = check_and_set_device_map(device_map)  # warn, error and fix the device map
                 ^^^^^^^^^^^^^^^^^^^^^^^^^^^^^^^^^^^^
  File "/pfs/data6/home/ma/ma_ma/ma_mpandya/Thesis/thesis/lib64/python3.12/site-packages/transformers/integrations/accelerate.py", line 134, in check_and_set_device_map
    raise ValueError(
ValueError: Using a `device_map`, `tp_plan`, `torch.device` context manager or setting `torch.set_default_device(device)` requires `accelerate`. You can install it with `pip install accelerate`
