CUDA available: True
GPU: NVIDIA A100-PCIE-40GB
[Setup] Result folder : result/15_baseline_bge_gemma2/ -- ready
[Imports] All packages loaded successfully
[Load] Loading production results...
[Load] Unique companies : 98,716
[Load] Queries : 101
[Load] Building all-fields rich text for each company...
[Load] Sample rich text (first company):
  Company: Software Genesis, Inc. | Country: United States | State: Illinois | Type: Company | Size: Micro (0-9) | Industry: NACE K: Telecommunication, computer programming, consulting, computing infrastructure and other information service activities | Software Genesis is a software development compa...
[GPU] CUDA available : True
[GPU] Device         : NVIDIA A100-PCIE-40GB
[GPU] VRAM           : 42.4 GB
[Encode] Loading BGE-Multilingual-Gemma2 (fp16)...
[Encode] Not fully cached locally yet -- loading with network access (this will be slower)

============================= JOB FEEDBACK =============================

NodeName=uc2n565
Job ID: 5964655
Cluster: uc3
User/Group: ma_mpandya/ma_ma
State: FAILED (exit code 1)
Nodes: 1
Cores per node: 12
CPU Utilized: 00:00:40
CPU Efficiency: 5.29% of 00:12:36 core-walltime
Job Wall-clock time: 00:01:03
Memory Utilized: 1.31 GB
Memory Efficiency: 1.43% of 91.80 GB (91.80 GB/node)
