CUDA available: True
GPU: NVIDIA A100-PCIE-40GB
[Setup] Result folder : result/15_baseline_bge_gemma2/ -- ready
[Imports] All packages loaded successfully
[Load] Loading production results...
[Load] Unique companies : 98,716
[Load] Queries : 101
[Load] Building all-fields rich text for each company...
[Load] Sample rich text (first company):
  Company: Software Genesis, Inc. | Country: United States | State: Illinois | Type: Company | Size: Micro (0-9) | Industry: NACE K: Telecommunication, computer programming, consulting, computing infrastructure and other information service activities | Software Genesis is a software development compa...
[GPU] CUDA available : True
[GPU] Device         : NVIDIA A100-PCIE-40GB
[GPU] VRAM           : 42.4 GB
[Encode] Loading BGE-Multilingual-Gemma2 (fp16)...
[Encode] Loaded from local cache -- skipped Hugging Face Hub network calls
[Encode] Model loaded in 18.6 minutes
[Encode] Encoding all companies (no instruction prefix on document side)...
[Encode]   800/98,716 companies encoded...
[Encode]   1,600/98,716 companies encoded...
[Encode]   2,400/98,716 companies encoded...
[Encode]   3,200/98,716 companies encoded...
[Encode]   4,000/98,716 companies encoded...
[Encode]   4,800/98,716 companies encoded...
[Encode]   5,600/98,716 companies encoded...
[Encode]   6,400/98,716 companies encoded...
[Encode]   7,200/98,716 companies encoded...
[Encode]   8,000/98,716 companies encoded...
[Encode]   8,800/98,716 companies encoded...
[Encode]   9,600/98,716 companies encoded...
[Encode]   10,400/98,716 companies encoded...
[Encode]   11,200/98,716 companies encoded...
[Encode]   12,000/98,716 companies encoded...
[Encode]   12,800/98,716 companies encoded...
[Encode]   13,600/98,716 companies encoded...
[Encode]   14,400/98,716 companies encoded...
[Encode]   15,200/98,716 companies encoded...
[Encode]   16,000/98,716 companies encoded...
[Encode]   16,800/98,716 companies encoded...
[Encode] Time budget (27 min) reached at 16,912/98,716 -- checkpoint saved, resubmit run.sh to continue
Job complete!

============================= JOB FEEDBACK =============================

NodeName=uc2n568
Job ID: 5832059
Cluster: uc3
User/Group: ma_mpandya/ma_ma
State: COMPLETED (exit code 0)
Nodes: 1
Cores per node: 12
CPU Utilized: 00:09:03
CPU Efficiency: 2.70% of 05:35:12 core-walltime
Job Wall-clock time: 00:27:56
Memory Utilized: 20.25 GB
Memory Efficiency: 22.06% of 91.80 GB (91.80 GB/node)
