CUDA available: True
GPU: NVIDIA A100-PCIE-40GB
[Setup] Result folder : result/27_baseline_colbert/ -- ready
[Imports] All packages loaded successfully
[Load] Loading production results...
[Load] Unique companies : 98,716
[Load] Queries : 101
[Load] Building all-fields rich text for each company...
[Load] Sample rich text (first company):
  Company: Software Genesis, Inc. | Country: United States | State: Illinois | Type: Company | Size: Micro (0-9) | Industry: NACE K: Telecommunication, computer programming, consulting, computing infrastructure and other information service activities | Software Genesis is a software development compa...
[GPU] CUDA available : True
[GPU] Device         : NVIDIA A100-PCIE-40GB
[GPU] VRAM           : 42.4 GB
[Load] Loading ColBERTv2 tokenizer + BertModel backbone...
[Load] Loading token-projection linear layer from checkpoint...
[Load] Done in 3.4s on cuda -- linear projection shape (128, 768)
[Encode] Encoding 98,716 companies (max_length=192)...
[Encode]   5,000/98,716 companies encoded (5.1%)... checkpoint saved
[Encode]   10,000/98,716 companies encoded (10.1%)... checkpoint saved
[Checkpoint] Save attempt 1/3 to result/27_baseline_colbert/doc_embs_checkpoint.pt failed: [enforce fail at inline_container.cc:672] . unexpected pos 768 vs 662 -- retrying in 5s...
[Checkpoint] Save attempt 2/3 to result/27_baseline_colbert/doc_embs_checkpoint.pt failed: [enforce fail at inline_container.cc:672] . unexpected pos 768 vs 662 -- retrying in 5s...
[Checkpoint] Save attempt 3/3 to result/27_baseline_colbert/doc_embs_checkpoint.pt failed: [enforce fail at inline_container.cc:672] . unexpected pos 768 vs 662 -- retrying in 5s...

============================= JOB FEEDBACK =============================

NodeName=uc2n561
Job ID: 5868393
Cluster: uc3
User/Group: ma_mpandya/ma_ma
State: FAILED (exit code 1)
Nodes: 1
Cores per node: 12
CPU Utilized: 00:01:28
CPU Efficiency: 4.17% of 00:35:12 core-walltime
Job Wall-clock time: 00:02:56
Memory Utilized: 2.62 GB
Memory Efficiency: 2.85% of 91.80 GB (91.80 GB/node)
