CUDA available: True
GPU: NVIDIA A100-PCIE-40GB
[Load] Companies to encode: 397,025
[GPU] CUDA available : True
[GPU] Device : NVIDIA A100-PCIE-40GB
[Encode] Loading BGE-large (BAAI/bge-large-en-v1.5)...
[Encode] Loaded from local cache -- skipped Hugging Face Hub network calls
[Encode] Model loaded in 9.3s on cuda:0
[Encode] Batch size : 256
[Encode] Migrating legacy checkpoint (320,000 rows) into per-chunk format...
[Encode] Resuming -- 320,000/397,025 already encoded across 1 chunk files
[Encode] 340,000/397,025 encoded (3.6 min elapsed)
[Encode] 360,000/397,025 encoded (7.2 min elapsed)
[Encode] 380,000/397,025 encoded (10.7 min elapsed)
[Encode] 397,025/397,025 encoded (13.7 min elapsed)
[Encode] Done. Embeddings shape: (397025, 1024)
[Encode] Saved -> result/48_encode_bge_large_scaled/company_embeddings.npy
Job complete!

============================= JOB FEEDBACK =============================

NodeName=uc2n561
Job ID: 6089545
Cluster: uc3
User/Group: ma_mpandya/ma_ma
State: COMPLETED (exit code 0)
Nodes: 1
Cores per node: 12
CPU Utilized: 00:14:55
CPU Efficiency: 7.93% of 03:08:12 core-walltime
Job Wall-clock time: 00:15:41
Memory Utilized: 3.89 GB
Memory Efficiency: 4.24% of 91.80 GB (91.80 GB/node)
