CUDA available: True
GPU: NVIDIA A100-PCIE-40GB
[Load] Companies to encode: 397,025
[GPU] CUDA available : True
[GPU] Device : NVIDIA A100-PCIE-40GB
[Encode] Loading BGE-M3 (BAAI/bge-m3)...
[Encode] Loaded from local cache -- skipped Hugging Face Hub network calls
[Encode] Model loaded in 7.2s on cuda:0
[Encode] Batch size : 128
[Encode] Resuming -- 320,000/397,025 already encoded across 16 chunk files
[Encode] 340,000/397,025 encoded (3.4 min elapsed)
[Encode] 360,000/397,025 encoded (6.9 min elapsed)
[Encode] 380,000/397,025 encoded (10.4 min elapsed)
[Encode] 397,025/397,025 encoded (13.3 min elapsed)
[Encode] Done. Embeddings shape: (397025, 1024)
[Encode] Saved -> result/49_encode_bgem3_scaled/company_embeddings.npy
Job complete!

============================= JOB FEEDBACK =============================

NodeName=uc2n561
Job ID: 6090456
Cluster: uc3
User/Group: ma_mpandya/ma_ma
State: COMPLETED (exit code 0)
Nodes: 1
Cores per node: 12
CPU Utilized: 00:14:50
CPU Efficiency: 8.09% of 03:03:24 core-walltime
Job Wall-clock time: 00:15:17
Memory Utilized: 4.33 GB
Memory Efficiency: 4.71% of 91.80 GB (91.80 GB/node)
