Error: listen tcp 127.0.0.1:11435: bind: address already in use
[NbConvertApp] Converting notebook 54_encode_colbert_scaled.ipynb to script
[NbConvertApp] Writing 7987 bytes to 54_encode_colbert_scaled.py
mv: cannot stat '54_encode_colbert_scaled.txt': No such file or directory
Loading weights:   0%|          | 0/197 [00:00<?, ?it/s]Loading weights:  47%|████▋     | 92/197 [00:00<00:00, 911.71it/s]Loading weights: 100%|██████████| 197/197 [00:00<00:00, 1021.29it/s]
[transformers] [1mBertModel LOAD REPORT[0m from: colbert-ir/colbertv2.0
Key                      | Status     |  | 
-------------------------+------------+--+-
linear.weight            | UNEXPECTED |  | 
bert.pooler.dense.bias   | UNEXPECTED |  | 
bert.pooler.dense.weight | UNEXPECTED |  | 

Notes:
- UNEXPECTED:	can be ignored when loading from different task/architecture; not ok if you expect identical arch.
Traceback (most recent call last):
  File "/pfs/data6/home/ma/ma_ma/ma_mpandya/Thesis/thesis/lib64/python3.12/site-packages/torch/serialization.py", line 1004, in save
    _save(
  File "/pfs/data6/home/ma/ma_ma/ma_mpandya/Thesis/thesis/lib64/python3.12/site-packages/torch/serialization.py", line 1313, in _save
    zip_file.write_record(name, storage, num_bytes)
RuntimeError: basic_ios::clear: iostream error

During handling of the above exception, another exception occurred:

Traceback (most recent call last):
  File "/pfs/data6/home/ma/ma_ma/ma_mpandya/Thesis/54_encode_colbert_scaled.py", line 148, in <module>
    robust_save(lambda p: torch.save(doc_embs, p), CHECKPOINT_EMBS_PATH)
  File "/pfs/data6/home/ma/ma_ma/ma_mpandya/Thesis/54_encode_colbert_scaled.py", line 51, in robust_save
    raise last_err
  File "/pfs/data6/home/ma/ma_ma/ma_mpandya/Thesis/54_encode_colbert_scaled.py", line 42, in robust_save
    save_fn(tmp_path)
  File "/pfs/data6/home/ma/ma_ma/ma_mpandya/Thesis/54_encode_colbert_scaled.py", line 148, in <lambda>
    robust_save(lambda p: torch.save(doc_embs, p), CHECKPOINT_EMBS_PATH)
                          ^^^^^^^^^^^^^^^^^^^^^^^
  File "/pfs/data6/home/ma/ma_ma/ma_mpandya/Thesis/thesis/lib64/python3.12/site-packages/torch/serialization.py", line 1003, in save
    with _open_zipfile_writer(f) as opened_zipfile:
         ^^^^^^^^^^^^^^^^^^^^^^^
  File "/pfs/data6/home/ma/ma_ma/ma_mpandya/Thesis/thesis/lib64/python3.12/site-packages/torch/serialization.py", line 835, in __exit__
    self.file_like.write_end_of_file()
RuntimeError: [enforce fail at inline_container.cc:672] . unexpected pos 768 vs 662
/var/spool/slurmd/job6086829/slurm_script: line 58: kill: (3170893) - No such process
