Sat Jul 25 07:30:01 AM CEST 2026: no BGE-Gemma2 job running/queued and not finished -- resubmitting
sbatch: error: Unable to open file run8_short.sh
Sat Jul 25 08:00:02 AM CEST 2026: no BGE-Gemma2 job running/queued and not finished -- resubmitting
sbatch: error: Unable to open file run8_short.sh
Sat Jul 25 08:30:02 AM CEST 2026: no BGE-Gemma2 job running/queued and not finished -- resubmitting
sbatch: error: Unable to open file run8_short.sh
Sat Jul 25 09:00:02 AM CEST 2026: no BGE-Gemma2 job running/queued and not finished -- resubmitting
sbatch: error: Unable to open file run8_short.sh
Sat Jul 25 09:30:01 AM CEST 2026: no BGE-Gemma2 job running/queued and not finished -- resubmitting
sbatch: error: Unable to open file run8_short.sh
Sat Jul 25 10:00:01 AM CEST 2026: no BGE-Gemma2 job running/queued and not finished -- resubmitting
sbatch: error: Unable to open file run8_short.sh
Sat Jul 25 10:30:01 AM CEST 2026: no BGE-Gemma2 job running/queued and not finished -- resubmitting
sbatch: error: Unable to open file run8_short.sh
Sat Jul 25 11:00:02 AM CEST 2026: no BGE-Gemma2 job running/queued and not finished -- resubmitting
sbatch: error: Unable to open file run8_short.sh
Sat Jul 25 11:30:02 AM CEST 2026: no BGE-Gemma2 job running/queued and not finished -- resubmitting
sbatch: error: Unable to open file run8_short.sh
Sat Jul 25 12:00:01 PM CEST 2026: no BGE-Gemma2 job running/queued and not finished -- resubmitting
sbatch: error: Unable to open file run8_short.sh
Sat Jul 25 12:30:01 PM CEST 2026: no BGE-Gemma2 job running/queued and not finished -- resubmitting
sbatch: error: Unable to open file run8_short.sh
Sat Jul 25 01:00:01 PM CEST 2026: no BGE-Gemma2 job running/queued and not finished -- resubmitting
sbatch: error: Unable to open file run8_short.sh
Sat Jul 25 01:30:01 PM CEST 2026: no BGE-Gemma2 job running/queued and not finished -- resubmitting
sbatch: error: Unable to open file run8_short.sh
Sat Jul 25 02:00:02 PM CEST 2026: no BGE-Gemma2 job running/queued and not finished -- resubmitting
sbatch: error: Unable to open file run8_short.sh
Sat Jul 25 02:30:01 PM CEST 2026: no BGE-Gemma2 job running/queued and not finished -- resubmitting
sbatch: error: Unable to open file run8_short.sh
Sat Jul 25 03:00:01 PM CEST 2026: no BGE-Gemma2 job running/queued and not finished -- resubmitting
sbatch: error: Unable to open file run8_short.sh
Sat Jul 25 03:30:02 PM CEST 2026: no BGE-Gemma2 job running/queued and not finished -- resubmitting
sbatch: error: Unable to open file run8_short.sh
Sat Jul 25 04:00:02 PM CEST 2026: no BGE-Gemma2 job running/queued and not finished -- resubmitting
sbatch: error: Unable to open file run8_short.sh
Sat Jul 25 04:30:01 PM CEST 2026: no BGE-Gemma2 job running/queued and not finished -- resubmitting
sbatch: error: Unable to open file run8_short.sh
Sat Jul 25 05:00:01 PM CEST 2026: no BGE-Gemma2 job running/queued and not finished -- resubmitting
sbatch: error: Unable to open file run8_short.sh
Sat Jul 25 05:30:02 PM CEST 2026: no BGE-Gemma2 job running/queued and not finished -- resubmitting
sbatch: error: Unable to open file run8_short.sh
Sat Jul 25 06:00:02 PM CEST 2026: no BGE-Gemma2 job running/queued and not finished -- resubmitting
sbatch: error: Unable to open file run8_short.sh
Sat Jul 25 06:30:02 PM CEST 2026: no BGE-Gemma2 job running/queued and not finished -- resubmitting
sbatch: error: Unable to open file run8_short.sh
Sat Jul 25 07:00:01 PM CEST 2026: no BGE-Gemma2 job running/queued and not finished -- resubmitting
sbatch: error: Unable to open file run8_short.sh
Sat Jul 25 07:30:02 PM CEST 2026: no BGE-Gemma2 job running/queued and not finished -- resubmitting
sbatch: error: Unable to open file run8_short.sh
Sat Jul 25 08:00:02 PM CEST 2026: no BGE-Gemma2 job running/queued and not finished -- resubmitting
sbatch: error: Unable to open file run8_short.sh
Sat Jul 25 08:30:01 PM CEST 2026: no BGE-Gemma2 job running/queued and not finished -- resubmitting
sbatch: error: Unable to open file run8_short.sh
Sat Jul 25 09:00:02 PM CEST 2026: no BGE-Gemma2 job running/queued and not finished -- resubmitting
sbatch: error: Unable to open file run8_short.sh
Sat Jul 25 09:30:02 PM CEST 2026: no BGE-Gemma2 job running/queued and not finished -- resubmitting
sbatch: error: Unable to open file run8_short.sh
Sat Jul 25 10:00:01 PM CEST 2026: no BGE-Gemma2 job running/queued and not finished -- resubmitting
sbatch: error: Unable to open file run8_short.sh
Sat Jul 25 10:30:02 PM CEST 2026: no BGE-Gemma2 job running/queued and not finished -- resubmitting
sbatch: error: Unable to open file run8_short.sh
Sat Jul 25 11:00:01 PM CEST 2026: no BGE-Gemma2 job running/queued and not finished -- resubmitting
sbatch: error: Unable to open file run8_short.sh
Sat Jul 25 11:30:01 PM CEST 2026: no BGE-Gemma2 job running/queued and not finished -- resubmitting
sbatch: error: Unable to open file run8_short.sh
Sun Jul 26 12:00:01 AM CEST 2026: no BGE-Gemma2 job running/queued and not finished -- resubmitting
sbatch: error: Unable to open file run8_short.sh
Sun Jul 26 12:30:01 AM CEST 2026: no BGE-Gemma2 job running/queued and not finished -- resubmitting
sbatch: error: Unable to open file run8_short.sh
Sun Jul 26 01:00:01 AM CEST 2026: no BGE-Gemma2 job running/queued and not finished -- resubmitting
sbatch: error: Unable to open file run8_short.sh
Sun Jul 26 01:30:02 AM CEST 2026: no BGE-Gemma2 job running/queued and not finished -- resubmitting
sbatch: error: Unable to open file run8_short.sh
Sun Jul 26 02:00:01 AM CEST 2026: no BGE-Gemma2 job running/queued and not finished -- resubmitting
sbatch: error: Unable to open file run8_short.sh
Sun Jul 26 02:30:01 AM CEST 2026: no BGE-Gemma2 job running/queued and not finished -- resubmitting
sbatch: error: Unable to open file run8_short.sh
Sun Jul 26 03:00:01 AM CEST 2026: no BGE-Gemma2 job running/queued and not finished -- resubmitting
sbatch: error: Unable to open file run8_short.sh
Sun Jul 26 03:30:01 AM CEST 2026: no BGE-Gemma2 job running/queued and not finished -- resubmitting
sbatch: error: Unable to open file run8_short.sh
Sun Jul 26 04:00:01 AM CEST 2026: no BGE-Gemma2 job running/queued and not finished -- resubmitting
sbatch: error: Unable to open file run8_short.sh
Sun Jul 26 04:30:02 AM CEST 2026: no BGE-Gemma2 job running/queued and not finished -- resubmitting
sbatch: error: Unable to open file run8_short.sh
Sun Jul 26 05:00:01 AM CEST 2026: no BGE-Gemma2 job running/queued and not finished -- resubmitting
sbatch: error: Unable to open file run8_short.sh
Sun Jul 26 05:30:01 AM CEST 2026: no BGE-Gemma2 job running/queued and not finished -- resubmitting
sbatch: error: Unable to open file run8_short.sh
Sun Jul 26 06:00:01 AM CEST 2026: no BGE-Gemma2 job running/queued and not finished -- resubmitting
sbatch: error: Unable to open file run8_short.sh
Sun Jul 26 06:30:02 AM CEST 2026: no BGE-Gemma2 job running/queued and not finished -- resubmitting
sbatch: error: Unable to open file run8_short.sh
Sun Jul 26 07:00:01 AM CEST 2026: no BGE-Gemma2 job running/queued and not finished -- resubmitting
sbatch: error: Unable to open file run8_short.sh
Sun Jul 26 07:30:01 AM CEST 2026: no BGE-Gemma2 job running/queued and not finished -- resubmitting
sbatch: error: Unable to open file run8_short.sh
Sun Jul 26 08:00:01 AM CEST 2026: no BGE-Gemma2 job running/queued and not finished -- resubmitting
sbatch: error: Unable to open file run8_short.sh
Sun Jul 26 08:30:02 AM CEST 2026: no BGE-Gemma2 job running/queued and not finished -- resubmitting
sbatch: error: Unable to open file run8_short.sh
Sun Jul 26 09:00:02 AM CEST 2026: no BGE-Gemma2 job running/queued and not finished -- resubmitting
sbatch: error: Unable to open file run8_short.sh
Sun Jul 26 09:30:01 AM CEST 2026: no BGE-Gemma2 job running/queued and not finished -- resubmitting
sbatch: error: Unable to open file run8_short.sh
Sun Jul 26 10:00:01 AM CEST 2026: no BGE-Gemma2 job running/queued and not finished -- resubmitting
sbatch: error: Unable to open file run8_short.sh
Sun Jul 26 10:30:02 AM CEST 2026: no BGE-Gemma2 job running/queued and not finished -- resubmitting
sbatch: error: Unable to open file run8_short.sh
Sun Jul 26 11:00:02 AM CEST 2026: no BGE-Gemma2 job running/queued and not finished -- resubmitting
sbatch: error: Unable to open file run8_short.sh
Sun Jul 26 11:30:01 AM CEST 2026: no BGE-Gemma2 job running/queued and not finished -- resubmitting
sbatch: error: Unable to open file run8_short.sh
Sun Jul 26 12:00:01 PM CEST 2026: no BGE-Gemma2 job running/queued and not finished -- resubmitting
sbatch: error: Unable to open file run8_short.sh
Sun Jul 26 12:30:01 PM CEST 2026: no BGE-Gemma2 job running/queued and not finished -- resubmitting
sbatch: error: Unable to open file run8_short.sh
Sun Jul 26 01:00:01 PM CEST 2026: no BGE-Gemma2 job running/queued and not finished -- resubmitting
sbatch: error: Unable to open file run8_short.sh
Sun Jul 26 01:30:02 PM CEST 2026: no BGE-Gemma2 job running/queued and not finished -- resubmitting
sbatch: error: Unable to open file run8_short.sh
Sun Jul 26 02:00:02 PM CEST 2026: no BGE-Gemma2 job running/queued and not finished -- resubmitting
sbatch: error: Unable to open file run8_short.sh
Sun Jul 26 02:30:01 PM CEST 2026: no BGE-Gemma2 job running/queued and not finished -- resubmitting
sbatch: error: Unable to open file run8_short.sh
Sun Jul 26 03:00:01 PM CEST 2026: no BGE-Gemma2 job running/queued and not finished -- resubmitting
sbatch: error: Unable to open file run8_short.sh
Sun Jul 26 03:30:02 PM CEST 2026: no BGE-Gemma2 job running/queued and not finished -- resubmitting
sbatch: error: Unable to open file run8_short.sh
Sun Jul 26 04:00:01 PM CEST 2026: no BGE-Gemma2 job running/queued and not finished -- resubmitting
sbatch: error: Unable to open file run8_short.sh
Sun Jul 26 04:30:01 PM CEST 2026: no BGE-Gemma2 job running/queued and not finished -- resubmitting
sbatch: error: Unable to open file run8_short.sh
Sun Jul 26 05:00:01 PM CEST 2026: no BGE-Gemma2 job running/queued and not finished -- resubmitting
sbatch: error: Unable to open file run8_short.sh
Sun Jul 26 05:30:02 PM CEST 2026: no BGE-Gemma2 job running/queued and not finished -- resubmitting
sbatch: error: Unable to open file run8_short.sh
Sun Jul 26 06:00:01 PM CEST 2026: no BGE-Gemma2 job running/queued and not finished -- resubmitting
sbatch: error: Unable to open file run8_short.sh
Sun Jul 26 06:30:01 PM CEST 2026: no BGE-Gemma2 job running/queued and not finished -- resubmitting
sbatch: error: Unable to open file run8_short.sh
Sun Jul 26 07:00:01 PM CEST 2026: no BGE-Gemma2 job running/queued and not finished -- resubmitting
sbatch: error: Unable to open file run8_short.sh
Sun Jul 26 07:30:01 PM CEST 2026: no BGE-Gemma2 job running/queued and not finished -- resubmitting
sbatch: error: Unable to open file run8_short.sh
Sun Jul 26 08:00:01 PM CEST 2026: no BGE-Gemma2 job running/queued and not finished -- resubmitting
sbatch: error: Unable to open file run8_short.sh
Sun Jul 26 08:30:01 PM CEST 2026: no BGE-Gemma2 job running/queued and not finished -- resubmitting
sbatch: error: Unable to open file run8_short.sh
Sun Jul 26 09:00:01 PM CEST 2026: no BGE-Gemma2 job running/queued and not finished -- resubmitting
sbatch: error: Unable to open file run8_short.sh
Sun Jul 26 09:30:01 PM CEST 2026: no BGE-Gemma2 job running/queued and not finished -- resubmitting
sbatch: error: Unable to open file run8_short.sh
Sun Jul 26 10:00:01 PM CEST 2026: no BGE-Gemma2 job running/queued and not finished -- resubmitting
sbatch: error: Unable to open file run8_short.sh
Sun Jul 26 10:30:01 PM CEST 2026: no BGE-Gemma2 job running/queued and not finished -- resubmitting
sbatch: error: Unable to open file run8_short.sh
Sun Jul 26 11:00:01 PM CEST 2026: no BGE-Gemma2 job running/queued and not finished -- resubmitting
sbatch: error: Unable to open file run8_short.sh
Sun Jul 26 11:30:01 PM CEST 2026: no BGE-Gemma2 job running/queued and not finished -- resubmitting
sbatch: error: Unable to open file run8_short.sh
Mon Jul 27 12:00:01 AM CEST 2026: no BGE-Gemma2 job running/queued and not finished -- resubmitting
sbatch: error: Unable to open file run8_short.sh
Mon Jul 27 12:30:01 AM CEST 2026: no BGE-Gemma2 job running/queued and not finished -- resubmitting
sbatch: error: Unable to open file run8_short.sh
Mon Jul 27 01:00:01 AM CEST 2026: no BGE-Gemma2 job running/queued and not finished -- resubmitting
sbatch: error: Unable to open file run8_short.sh
Mon Jul 27 01:30:01 AM CEST 2026: no BGE-Gemma2 job running/queued and not finished -- resubmitting
sbatch: error: Unable to open file run8_short.sh
Mon Jul 27 02:00:01 AM CEST 2026: no BGE-Gemma2 job running/queued and not finished -- resubmitting
sbatch: error: Unable to open file run8_short.sh
Mon Jul 27 02:30:02 AM CEST 2026: no BGE-Gemma2 job running/queued and not finished -- resubmitting
sbatch: error: Unable to open file run8_short.sh
Mon Jul 27 03:00:02 AM CEST 2026: no BGE-Gemma2 job running/queued and not finished -- resubmitting
sbatch: error: Unable to open file run8_short.sh
Mon Jul 27 03:30:01 AM CEST 2026: no BGE-Gemma2 job running/queued and not finished -- resubmitting
sbatch: error: Unable to open file run8_short.sh
Mon Jul 27 04:00:02 AM CEST 2026: no BGE-Gemma2 job running/queued and not finished -- resubmitting
sbatch: error: Unable to open file run8_short.sh
Mon Jul 27 04:30:02 AM CEST 2026: no BGE-Gemma2 job running/queued and not finished -- resubmitting
sbatch: error: Unable to open file run8_short.sh
Mon Jul 27 05:00:01 AM CEST 2026: no BGE-Gemma2 job running/queued and not finished -- resubmitting
sbatch: error: Unable to open file run8_short.sh
Mon Jul 27 05:30:01 AM CEST 2026: no BGE-Gemma2 job running/queued and not finished -- resubmitting
sbatch: error: Unable to open file run8_short.sh
Mon Jul 27 06:00:01 AM CEST 2026: no BGE-Gemma2 job running/queued and not finished -- resubmitting
sbatch: error: Unable to open file run8_short.sh
Mon Jul 27 06:30:01 AM CEST 2026: no BGE-Gemma2 job running/queued and not finished -- resubmitting
sbatch: error: Unable to open file run8_short.sh
Mon Jul 27 07:00:01 AM CEST 2026: no BGE-Gemma2 job running/queued and not finished -- resubmitting
sbatch: error: Unable to open file run8_short.sh
Mon Jul 27 07:30:01 AM CEST 2026: no BGE-Gemma2 job running/queued and not finished -- resubmitting
sbatch: error: Unable to open file run8_short.sh
Mon Jul 27 08:00:01 AM CEST 2026: no BGE-Gemma2 job running/queued and not finished -- resubmitting
sbatch: error: Unable to open file run8_short.sh
Mon Jul 27 08:30:01 AM CEST 2026: no BGE-Gemma2 job running/queued and not finished -- resubmitting
sbatch: error: Unable to open file run8_short.sh
Mon Jul 27 09:00:01 AM CEST 2026: no BGE-Gemma2 job running/queued and not finished -- resubmitting
sbatch: error: Unable to open file run8_short.sh
Mon Jul 27 09:30:01 AM CEST 2026: no BGE-Gemma2 job running/queued and not finished -- resubmitting
sbatch: error: Unable to open file run8_short.sh
Mon Jul 27 10:00:01 AM CEST 2026: no BGE-Gemma2 job running/queued and not finished -- resubmitting
sbatch: error: Unable to open file run8_short.sh
Mon Jul 27 10:30:01 AM CEST 2026: no BGE-Gemma2 job running/queued and not finished -- resubmitting
sbatch: error: Unable to open file run8_short.sh
Mon Jul 27 11:00:01 AM CEST 2026: no BGE-Gemma2 job running/queued and not finished -- resubmitting
sbatch: error: Unable to open file run8_short.sh
Mon Jul 27 11:30:01 AM CEST 2026: no BGE-Gemma2 job running/queued and not finished -- resubmitting
sbatch: error: Unable to open file run8_short.sh
Mon Jul 27 12:00:01 PM CEST 2026: no BGE-Gemma2 job running/queued and not finished -- resubmitting
sbatch: error: Unable to open file run8_short.sh
Mon Jul 27 12:30:01 PM CEST 2026: no BGE-Gemma2 job running/queued and not finished -- resubmitting
sbatch: error: Unable to open file run8_short.sh
Mon Jul 27 01:00:01 PM CEST 2026: no BGE-Gemma2 job running/queued and not finished -- resubmitting
sbatch: error: Unable to open file run8_short.sh
Mon Jul 27 01:30:01 PM CEST 2026: no BGE-Gemma2 job running/queued and not finished -- resubmitting
sbatch: error: Unable to open file run8_short.sh
Mon Jul 27 02:00:01 PM CEST 2026: no BGE-Gemma2 job running/queued and not finished -- resubmitting
sbatch: error: Unable to open file run8_short.sh
Mon Jul 27 02:30:01 PM CEST 2026: no BGE-Gemma2 job running/queued and not finished -- resubmitting
sbatch: error: Unable to open file run8_short.sh
Mon Jul 27 03:00:01 PM CEST 2026: no BGE-Gemma2 job running/queued and not finished -- resubmitting
sbatch: error: Unable to open file run8_short.sh
Mon Jul 27 03:30:01 PM CEST 2026: no BGE-Gemma2 job running/queued and not finished -- resubmitting
sbatch: error: Unable to open file run8_short.sh
Mon Jul 27 04:00:01 PM CEST 2026: no BGE-Gemma2 job running/queued and not finished -- resubmitting
sbatch: error: Unable to open file run8_short.sh
Mon Jul 27 04:30:01 PM CEST 2026: no BGE-Gemma2 job running/queued and not finished -- resubmitting
sbatch: error: Unable to open file run8_short.sh
Mon Jul 27 05:00:01 PM CEST 2026: no BGE-Gemma2 job running/queued and not finished -- resubmitting
sbatch: error: Unable to open file run8_short.sh
Mon Jul 27 05:30:01 PM CEST 2026: no BGE-Gemma2 job running/queued and not finished -- resubmitting
sbatch: error: Unable to open file run8_short.sh
Mon Jul 27 06:00:01 PM CEST 2026: no BGE-Gemma2 job running/queued and not finished -- resubmitting
sbatch: error: Unable to open file run8_short.sh
Mon Jul 27 06:30:01 PM CEST 2026: no BGE-Gemma2 job running/queued and not finished -- resubmitting
sbatch: error: Unable to open file run8_short.sh
Mon Jul 27 07:00:01 PM CEST 2026: no BGE-Gemma2 job running/queued and not finished -- resubmitting
sbatch: error: Unable to open file run8_short.sh
Mon Jul 27 07:30:02 PM CEST 2026: no BGE-Gemma2 job running/queued and not finished -- resubmitting
sbatch: error: Unable to open file run8_short.sh
Mon Jul 27 08:00:02 PM CEST 2026: no BGE-Gemma2 job running/queued and not finished -- resubmitting
sbatch: error: Unable to open file run8_short.sh
Mon Jul 27 08:30:01 PM CEST 2026: no BGE-Gemma2 job running/queued and not finished -- resubmitting
sbatch: error: Unable to open file run8_short.sh
Mon Jul 27 09:00:01 PM CEST 2026: no BGE-Gemma2 job running/queued and not finished -- resubmitting
sbatch: error: Unable to open file run8_short.sh
Mon Jul 27 09:30:01 PM CEST 2026: no BGE-Gemma2 job running/queued and not finished -- resubmitting
sbatch: error: Unable to open file run8_short.sh
Mon Jul 27 10:00:01 PM CEST 2026: no BGE-Gemma2 job running/queued and not finished -- resubmitting
sbatch: error: Unable to open file run8_short.sh
Mon Jul 27 10:30:01 PM CEST 2026: no BGE-Gemma2 job running/queued and not finished -- resubmitting
sbatch: error: Unable to open file run8_short.sh
Mon Jul 27 11:00:01 PM CEST 2026: no BGE-Gemma2 job running/queued and not finished -- resubmitting
sbatch: error: Unable to open file run8_short.sh
Mon Jul 27 11:30:01 PM CEST 2026: no BGE-Gemma2 job running/queued and not finished -- resubmitting
sbatch: error: Unable to open file run8_short.sh
Tue Jul 28 12:00:01 AM CEST 2026: no BGE-Gemma2 job running/queued and not finished -- resubmitting
sbatch: error: Unable to open file run8_short.sh
Tue Jul 28 12:30:01 AM CEST 2026: no BGE-Gemma2 job running/queued and not finished -- resubmitting
sbatch: error: Unable to open file run8_short.sh
Tue Jul 28 01:00:01 AM CEST 2026: no BGE-Gemma2 job running/queued and not finished -- resubmitting
sbatch: error: Unable to open file run8_short.sh
Tue Jul 28 01:30:01 AM CEST 2026: no BGE-Gemma2 job running/queued and not finished -- resubmitting
sbatch: error: Unable to open file run8_short.sh
Tue Jul 28 02:00:01 AM CEST 2026: no BGE-Gemma2 job running/queued and not finished -- resubmitting
sbatch: error: Unable to open file run8_short.sh
Tue Jul 28 02:30:01 AM CEST 2026: no BGE-Gemma2 job running/queued and not finished -- resubmitting
sbatch: error: Unable to open file run8_short.sh
Tue Jul 28 03:00:01 AM CEST 2026: no BGE-Gemma2 job running/queued and not finished -- resubmitting
sbatch: error: Unable to open file run8_short.sh
Tue Jul 28 03:30:01 AM CEST 2026: no BGE-Gemma2 job running/queued and not finished -- resubmitting
sbatch: error: Unable to open file run8_short.sh
Tue Jul 28 04:00:01 AM CEST 2026: no BGE-Gemma2 job running/queued and not finished -- resubmitting
sbatch: error: Unable to open file run8_short.sh
Tue Jul 28 04:30:01 AM CEST 2026: no BGE-Gemma2 job running/queued and not finished -- resubmitting
sbatch: error: Unable to open file run8_short.sh
Tue Jul 28 05:00:01 AM CEST 2026: no BGE-Gemma2 job running/queued and not finished -- resubmitting
sbatch: error: Unable to open file run8_short.sh
Tue Jul 28 05:30:01 AM CEST 2026: no BGE-Gemma2 job running/queued and not finished -- resubmitting
sbatch: error: Unable to open file run8_short.sh
Tue Jul 28 06:00:02 AM CEST 2026: no BGE-Gemma2 job running/queued and not finished -- resubmitting
sbatch: error: Unable to open file run8_short.sh
Tue Jul 28 06:30:03 AM CEST 2026: no BGE-Gemma2 job running/queued and not finished -- resubmitting
sbatch: error: Unable to open file run8_short.sh
Tue Jul 28 07:00:01 AM CEST 2026: no BGE-Gemma2 job running/queued and not finished -- resubmitting
sbatch: error: Unable to open file run8_short.sh
Tue Jul 28 07:30:01 AM CEST 2026: no BGE-Gemma2 job running/queued and not finished -- resubmitting
sbatch: error: Unable to open file run8_short.sh
Tue Jul 28 08:00:01 AM CEST 2026: no BGE-Gemma2 job running/queued and not finished -- resubmitting
sbatch: error: Unable to open file run8_short.sh
Tue Jul 28 08:30:01 AM CEST 2026: no BGE-Gemma2 job running/queued and not finished -- resubmitting
sbatch: error: Unable to open file run8_short.sh
Tue Jul 28 09:00:01 AM CEST 2026: no BGE-Gemma2 job running/queued and not finished -- resubmitting
sbatch: error: Unable to open file run8_short.sh
Tue Jul 28 09:30:01 AM CEST 2026: no BGE-Gemma2 job running/queued and not finished -- resubmitting
sbatch: error: Unable to open file run8_short.sh
Tue Jul 28 10:00:01 AM CEST 2026: no BGE-Gemma2 job running/queued and not finished -- resubmitting
sbatch: error: Unable to open file run8_short.sh
Tue Jul 28 10:30:01 AM CEST 2026: no BGE-Gemma2 job running/queued and not finished -- resubmitting
sbatch: error: Unable to open file run8_short.sh
Tue Jul 28 11:00:02 AM CEST 2026: no BGE-Gemma2 job running/queued and not finished -- resubmitting
sbatch: error: Unable to open file run8_short.sh
Tue Jul 28 11:30:01 AM CEST 2026: no BGE-Gemma2 job running/queued and not finished -- resubmitting
sbatch: error: Unable to open file run8_short.sh
Tue Jul 28 12:00:01 PM CEST 2026: no BGE-Gemma2 job running/queued and not finished -- resubmitting
sbatch: error: Unable to open file run8_short.sh
Tue Jul 28 12:30:01 PM CEST 2026: no BGE-Gemma2 job running/queued and not finished -- resubmitting
sbatch: error: Unable to open file run8_short.sh
Tue Jul 28 01:00:01 PM CEST 2026: no BGE-Gemma2 job running/queued and not finished -- resubmitting
sbatch: error: Unable to open file run8_short.sh
Tue Jul 28 01:30:01 PM CEST 2026: no BGE-Gemma2 job running/queued and not finished -- resubmitting
sbatch: error: Unable to open file run8_short.sh
Tue Jul 28 02:00:01 PM CEST 2026: no BGE-Gemma2 job running/queued and not finished -- resubmitting
sbatch: error: Unable to open file run8_short.sh
Tue Jul 28 02:30:01 PM CEST 2026: no BGE-Gemma2 job running/queued and not finished -- resubmitting
sbatch: error: Unable to open file run8_short.sh
Tue Jul 28 03:00:01 PM CEST 2026: no BGE-Gemma2 job running/queued and not finished -- resubmitting
sbatch: error: Unable to open file run8_short.sh
Tue Jul 28 03:30:02 PM CEST 2026: no BGE-Gemma2 job running/queued and not finished -- resubmitting
sbatch: error: Unable to open file run8_short.sh
Tue Jul 28 04:00:02 PM CEST 2026: no BGE-Gemma2 job running/queued and not finished -- resubmitting
sbatch: error: Unable to open file run8_short.sh
Tue Jul 28 04:30:01 PM CEST 2026: no BGE-Gemma2 job running/queued and not finished -- resubmitting
sbatch: error: Unable to open file run8_short.sh
Tue Jul 28 05:00:01 PM CEST 2026: no BGE-Gemma2 job running/queued and not finished -- resubmitting
sbatch: error: Unable to open file run8_short.sh
Tue Jul 28 05:30:02 PM CEST 2026: no BGE-Gemma2 job running/queued and not finished -- resubmitting
sbatch: error: Unable to open file run8_short.sh
Tue Jul 28 06:00:01 PM CEST 2026: no BGE-Gemma2 job running/queued and not finished -- resubmitting
sbatch: error: Unable to open file run8_short.sh
Tue Jul 28 06:30:02 PM CEST 2026: no BGE-Gemma2 job running/queued and not finished -- resubmitting
sbatch: error: Unable to open file run8_short.sh
Tue Jul 28 07:00:02 PM CEST 2026: no BGE-Gemma2 job running/queued and not finished -- resubmitting
sbatch: error: Unable to open file run8_short.sh
Tue Jul 28 07:30:01 PM CEST 2026: no BGE-Gemma2 job running/queued and not finished -- resubmitting
sbatch: error: Unable to open file run8_short.sh
Tue Jul 28 08:00:01 PM CEST 2026: no BGE-Gemma2 job running/queued and not finished -- resubmitting
sbatch: error: Unable to open file run8_short.sh
Tue Jul 28 08:30:01 PM CEST 2026: no BGE-Gemma2 job running/queued and not finished -- resubmitting
sbatch: error: Unable to open file run8_short.sh
Tue Jul 28 09:00:01 PM CEST 2026: no BGE-Gemma2 job running/queued and not finished -- resubmitting
sbatch: error: Unable to open file run8_short.sh
Tue Jul 28 09:30:01 PM CEST 2026: no BGE-Gemma2 job running/queued and not finished -- resubmitting
sbatch: error: Unable to open file run8_short.sh
Tue Jul 28 10:00:01 PM CEST 2026: no BGE-Gemma2 job running/queued and not finished -- resubmitting
sbatch: error: Unable to open file run8_short.sh
Tue Jul 28 10:30:01 PM CEST 2026: no BGE-Gemma2 job running/queued and not finished -- resubmitting
sbatch: error: Unable to open file run8_short.sh
Tue Jul 28 11:00:01 PM CEST 2026: no BGE-Gemma2 job running/queued and not finished -- resubmitting
sbatch: error: Unable to open file run8_short.sh
Tue Jul 28 11:30:04 PM CEST 2026: no BGE-Gemma2 job running/queued and not finished -- resubmitting
sbatch: error: Unable to open file run8_short.sh
Wed Jul 29 12:00:03 AM CEST 2026: no BGE-Gemma2 job running/queued and not finished -- resubmitting
sbatch: error: Unable to open file run8_short.sh
Wed Jul 29 12:30:01 AM CEST 2026: no BGE-Gemma2 job running/queued and not finished -- resubmitting
sbatch: error: Unable to open file run8_short.sh
Wed Jul 29 01:00:01 AM CEST 2026: no BGE-Gemma2 job running/queued and not finished -- resubmitting
sbatch: error: Unable to open file run8_short.sh
Wed Jul 29 01:30:01 AM CEST 2026: no BGE-Gemma2 job running/queued and not finished -- resubmitting
sbatch: error: Unable to open file run8_short.sh
Wed Jul 29 02:00:01 AM CEST 2026: no BGE-Gemma2 job running/queued and not finished -- resubmitting
sbatch: error: Unable to open file run8_short.sh
Wed Jul 29 02:30:01 AM CEST 2026: no BGE-Gemma2 job running/queued and not finished -- resubmitting
sbatch: error: Unable to open file run8_short.sh
Wed Jul 29 03:00:01 AM CEST 2026: no BGE-Gemma2 job running/queued and not finished -- resubmitting
sbatch: error: Unable to open file run8_short.sh
Wed Jul 29 03:30:01 AM CEST 2026: no BGE-Gemma2 job running/queued and not finished -- resubmitting
sbatch: error: Unable to open file run8_short.sh
Wed Jul 29 04:00:01 AM CEST 2026: no BGE-Gemma2 job running/queued and not finished -- resubmitting
sbatch: error: Unable to open file run8_short.sh
Wed Jul 29 04:30:01 AM CEST 2026: no BGE-Gemma2 job running/queued and not finished -- resubmitting
sbatch: error: Unable to open file run8_short.sh
Wed Jul 29 05:00:01 AM CEST 2026: no BGE-Gemma2 job running/queued and not finished -- resubmitting
sbatch: error: Unable to open file run8_short.sh
Wed Jul 29 05:30:02 AM CEST 2026: no BGE-Gemma2 job running/queued and not finished -- resubmitting
sbatch: error: Unable to open file run8_short.sh
Wed Jul 29 06:00:02 AM CEST 2026: no BGE-Gemma2 job running/queued and not finished -- resubmitting
sbatch: error: Unable to open file run8_short.sh
Wed Jul 29 06:30:01 AM CEST 2026: no BGE-Gemma2 job running/queued and not finished -- resubmitting
sbatch: error: Unable to open file run8_short.sh
Wed Jul 29 07:00:01 AM CEST 2026: no BGE-Gemma2 job running/queued and not finished -- resubmitting
sbatch: error: Unable to open file run8_short.sh
Wed Jul 29 07:30:02 AM CEST 2026: no BGE-Gemma2 job running/queued and not finished -- resubmitting
sbatch: error: Unable to open file run8_short.sh
Wed Jul 29 08:00:02 AM CEST 2026: no BGE-Gemma2 job running/queued and not finished -- resubmitting
sbatch: error: Unable to open file run8_short.sh
